// Jest Snapshot v1, https://goo.gl/fbAQLP

exports[`Button component renders correctly 1`] = `
<button
  className="Button__StyledButton-sc-1atgevq-0 gBeAQF"
  onClick={[MockFunction]}
>
  Click me
</button>
`;
